general:
  working_dir: .
metadata:
  conditions: {}
data:
  default: &default_img
    img_file: auto
    HCT_file: auto
    magnification: auto
    pixel_size: auto
    crop_ratio: 0.0
    median_blur: 3
    d_min:
    - 3
    - 50
    d_max:
    - 50
    - 140
    dist2R: 0.5
    param1: 200
    param2: 15
    additional_info: null
  images:
    D7-017:
      <<: *default_img
      img_file: D7-017.tif
    D7-021:
      <<: *default_img
      img_file: D7-021.tif
  exclude_images: []
analysis:
  PSD_space: null
  collector_threshold: 0.5
export:
  draw_particles:
    labels: true
    alpha: 0.2
